<div class="jsx-506443636 art"><a class="jsx-506443636" href="/podcast/523121474/e/1567742460"><div style="height:90px" class="lazyload-placeholder"></div></a></div><div class="jsx-506443636 meta"><div class="jsx-506443636 date">September 6, 2019</div><div class="jsx-506443636 title"><div class="jsx-506443636 episode-title"><a class="jsx-506443636 title-inner" href="/podcast/523121474/e/1567742460">Peering Deeper Into Space</a></div></div><div class="jsx-506443636 description">The past few years have ushered in an explosion of new discoveries about our universe. This hour, TED speakers explore the implications of these advances â€” and the lingering mysteries of the cosmos. Guests include theoretical physicist Allan Adams, planetary scientist Sara Seager, and astrophysicists Natasha Hurley-Walker and Jedidah Isler.</div><div class="jsx-506443636 right-align"><a class="jsx-506443636 duration" href="/podcast/523121474/e/1567742460">52<!-- --> min</a><div class="jsx-506443636 progress"><div style="width:0%" class="jsx-506443636 progress-bar"></div></div></div></div><div class="jsx-506443636 controls"><div class="jsx-506443636 play"><svg stroke="currentColor" fill="currentColor" stroke-width="0" viewbox="0 0 448 512" height="1em" width="1em" xmlns="http://www.w3.org/2000/svg"><path d="M424.4 214.7L72.4 6.6C43.8-10.3 0 6.1 0 47.9V464c0 37.5 40.7 60.1 72.4 41.3l352-208c31.4-18.5 31.5-64.1 0-82.6z"></path></svg></div><div class="jsx-506443636 download"><a aria-label="Download Peering Deeper Into Space" href="https://play.podtrac.com/npr-510298/edge1.pod.npr.org/anon.npr-podcasts/podcast/npr/ted/2019/09/20190905_ted_peeringintospace-a88b2c7d-d37b-4caf-a6d0-a8b87a546e94.mp3?awCollectionId=510298&amp;awEpisodeId=758025242&amp;orgId=1&amp;d=3171&amp;p=510298&amp;story=758025242&amp;t=podcast&amp;e=758025242&amp;size=50616468&amp;ft=pod&amp;f=510298" download="" target="_blank" rel="noopener nofollow" class="jsx-506443636"><svg stroke="currentColor" fill="currentColor" stroke-width="0" viewbox="0 0 512 512" height="1em" width="1em" xmlns="http://www.w3.org/2000/svg"><path d="M216 0h80c13.3 0 24 10.7 24 24v168h87.7c17.8 0 26.7 21.5 14.1 34.1L269.7 378.3c-7.5 7.5-19.8 7.5-27.3 0L90.1 226.1c-12.6-12.6-3.7-34.1 14.1-34.1H192V24c0-13.3 10.7-24 24-24zm296 376v112c0 13.3-10.7 24-24 24H24c-13.3 0-24-10.7-24-24V376c0-13.3 10.7-24 24-24h146.7l49 49c20.1 20.1 52.5 20.1 72.6 0l49-49H488c13.3 0 24 10.7 24 24zm-124 88c0-11-9-20-20-20s-20 9-20 20 9 20 20 20 20-9 20-20zm64 0c0-11-9-20-20-20s-20 9-20 20 9 20 20 20 20-9 20-20z"></path></svg></a></div><div class="jsx-506443636 menu-wrapper"><div class="jsx-2545869672 dropdownmenu"><div class="jsx-2545869672 button"><div class="jsx-506443636 menu"><svg stroke="currentColor" fill="currentColor" stroke-width="0" viewbox="0 0 512 512" size="20" height="20" width="20" xmlns="http://www.w3.org/2000/svg"><path d="M328 256c0 39.8-32.2 72-72 72s-72-32.2-72-72 32.2-72 72-72 72 32.2 72 72zm104-72c-39.8 0-72 32.2-72 72s32.2 72 72 72 72-32.2 72-72-32.2-72-72-72zm-352 0c-39.8 0-72 32.2-72 72s32.2 72 72 72 72-32.2 72-72-32.2-72-72-72z"></path></svg></div></div></div></div></div>